// Jest Snapshot v1, https://goo.gl/fbAQLP

exports[`emptyFile.js 1`] = `""`;

exports[`emptyInterface.jsi 1`] = `""`;

exports[`onlyMultilineComment.js 1`] = `""`;

exports[`onlyMultilineComment.jsi 1`] = `""`;

exports[`onlySinglelineComment.js 1`] = `""`;

exports[`onlySinglinelineComment.jsi 1`] = `""`;

exports[`semi.js 1`] = `
"type nonrec t =
  | Red 
;;Red
let () = foo := 1"
`;
