// Jest Snapshot v1, https://goo.gl/fbAQLP

exports[`arrow.js 1`] = `
"=====Parsetree==========================================
external add_nat : nat -> int = \\"add_nat_bytecode\\" \\"add_nat_native\\"
=====Errors=============================================

File \\"/napkinscript/tests/parsing/errors/typexpr/arrow.js\\", line 2, characters 21-24:


1 │  // notice usage of -> instead of =>
[31m2[0m │  external add_nat: nat -> int = \\"add_nat_bytecode\\" \\"add_nat_native\\"          
                           [31m^^[0m

Did you forget a \`=>\` here? 



========================================================"
`;

exports[`typeConstructorArgs.js 1`] = `
"=====Parsetree==========================================
type nonrec 'a node = {
  _value: 'a Js.Nullable.value }
type nonrec 'a t = 'a Belt.Map.t
type nonrec 'a t = private 'a Belt.Map.t
=====Errors=============================================

File \\"/napkinscript/tests/parsing/errors/typexpr/typeConstructorArgs.js\\", line 2, characters 27-28:


1 │  type node<'a> = {
[31m2[0m │    _value: Js.Nullable.value[31m([0m'a)
3 │  }
4 │  

Type constructor args require diamonds, like: Belt.Map.String.t<int>


File \\"/napkinscript/tests/parsing/errors/typexpr/typeConstructorArgs.js\\", line 5, characters 23-24:


3 │  }
4 │  
[31m5[0m │  type t<'a> = Belt.Map.t[31m([0m'a)
6 │  type t<'a> = private Belt.Map.t('a)

Type constructor args require diamonds, like: Belt.Map.String.t<int>


File \\"/napkinscript/tests/parsing/errors/typexpr/typeConstructorArgs.js\\", line 6, characters 31-32:


4 │  
5 │  type t<'a> = Belt.Map.t('a)
[31m6[0m │  type t<'a> = private Belt.Map.t[31m([0m'a)

Type constructor args require diamonds, like: Belt.Map.String.t<int>



========================================================"
`;
