// Jest Snapshot v1, https://goo.gl/fbAQLP

exports[`oldDerefOp.js 1`] = `
"=====Parsetree==========================================
let newVelocity = velocity +. (a *. secondPerFrame)
let newX = x +. (newVelocity *. secondPerFrame)
=====Errors=============================================

File \\"/napkinscript/tests/parsing/errors/scanner/oldDerefOp.js\\", line: 1, characters 50-51:


[31m1[0m │  let newVelocity = velocity +. a *. secondPerFrame[31m^[0m;
2 │  let newX = x +. newVelocity *. secondPerFrame^;

Hmm, not sure what I should do here with this character.
If you're trying to deref an expression, use \`&foo\` instead.


File \\"/napkinscript/tests/parsing/errors/scanner/oldDerefOp.js\\", line: 2, characters 46-47:


1 │  let newVelocity = velocity +. a *. secondPerFrame^;
[31m2[0m │  let newX = x +. newVelocity *. secondPerFrame[31m^[0m;

Hmm, not sure what I should do here with this character.
If you're trying to deref an expression, use \`&foo\` instead.



========================================================"
`;

exports[`unclosedComment.js 1`] = `
"=====Parsetree==========================================

=====Errors=============================================

File \\"/napkinscript/tests/parsing/errors/scanner/unclosedComment.js\\", line: 3, characters 1-1:


1 │  /* eof
2 │   * reached

This comment seems to be missing a closing \`*/\`



========================================================"
`;

exports[`unclosedString.js 1`] = `
"=====Parsetree==========================================
let x = \\"unclosed\\"
let z = \\"eof \\"
=====Errors=============================================

File \\"/napkinscript/tests/parsing/errors/scanner/unclosedString.js\\", line: 2, characters 0-1:


1 │  let x = \\"unclosed
[31m2[0m │  let z = \\"eof 

This string is missing a double quote at the end


File \\"/napkinscript/tests/parsing/errors/scanner/unclosedString.js\\", line: 3, characters 0-1:


1 │  let x = \\"unclosed
2 │  let z = \\"eof 

This string is missing a double quote at the end



========================================================"
`;
