// Jest Snapshot v1, https://goo.gl/fbAQLP

exports[`oldDerefOp.js 1`] = `
"=====Parsetree==========================================
let newVelocity = velocity +. (a *. secondPerFrame)
let newX = x +. (newVelocity *. secondPerFrame)
=====Errors=============================================

Parse error: /Users/Iwan/Development/napkinscript/tests/parsing/errors/scanner/oldDerefOp.js, line: 1, col: 50

[31m1[0m |  let newVelocity = velocity +. a *. secondPerFrame[31m^[0m;

Hmm, not sure what I should do here with this character.
If you're trying to deref an expression, use \`&foo\` instead.


Parse error: /Users/Iwan/Development/napkinscript/tests/parsing/errors/scanner/oldDerefOp.js, line: 2, col: 46

[31m2[0m |  let newX = x +. newVelocity *. secondPerFrame[31m^[0m;

Hmm, not sure what I should do here with this character.
If you're trying to deref an expression, use \`&foo\` instead.



========================================================"
`;

exports[`unclosedComment.js 1`] = `
"=====Parsetree==========================================

=====Errors=============================================

Parse error: /Users/Iwan/Development/napkinscript/tests/parsing/errors/scanner/unclosedComment.js, line: 3, col: 1

[31m3[0m |  [31m[0m

This comment seems to be missing a closing \`*/\`



========================================================"
`;

exports[`unclosedString.js 1`] = `
"=====Parsetree==========================================
let x = \\"unclosed\\"
let z = \\"eof \\"
=====Errors=============================================

Parse error: /Users/Iwan/Development/napkinscript/tests/parsing/errors/scanner/unclosedString.js, line: 2, col: 0

[31m2[0m |  let z = \\"eof 

This string is missing a double quote at the end


Parse error: /Users/Iwan/Development/napkinscript/tests/parsing/errors/scanner/unclosedString.js, line: 3, col: 0

[31m3[0m |  

This string is missing a double quote at the end



========================================================"
`;
